// Jest Snapshot v1, https://goo.gl/fbAQLP

exports[`Generics Tests Generic matches snapshot 1`] = `"{"name":{"name":"test string data","ver":10}}"`;

exports[`Generics Tests GenericsClass matches snapshot 1`] = `"{"innserGenericInitializer":{"name":"test string data","innerGeneric":{"name":"test string data","ver":10},"innerGenericLiteral":"inner generic string"},"mapperType":{"en":"test string data","fr":"test string data","it":"test string data","es":"test string data"},"keyOfMapperType":{"name":"test string data","ver":10},"butterflyWithGenerics":{"en":"test string data","fr":"test string data","it":"test string data","es":"test string data"},"nonNullable":"test string data","nestedPartial":{"childPartial":{"name":"test string data","ver":10}},"partial":{"name":"test string data","ver":10},"required":{"name":"test string data","ver":10},"readonly":{"name":"test string data","ver":10},"extract":"D","extractRefUnion":"en","exclude":"B","onDirectRefUnionType":"fr"}"`;

exports[`Generics Tests GenericsInterface matches snapshot 1`] = `"{"innserGenericInitializer":{"name":"test string data","innerGeneric":{"name":"test string data","ver":10},"innerGenericLiteral":"inner generic string"},"mapperType":{"en":"test string data","fr":"test string data","it":"test string data","es":"test string data"},"keyOfMapperType":{"name":"test string data","ver":10},"butterflyWithGenerics":{"en":"test string data","fr":"test string data","it":"test string data","es":"test string data"},"nonNullable":"test string data","nestedPartial":{"childPartial":{"name":"test string data","ver":10}},"partial":{"name":"test string data","ver":10},"required":{"name":"test string data","ver":10},"readonly":{"name":"test string data","ver":10},"extract":"D","extractRefUnion":"en","exclude":"B","onDirectRefUnionType":"fr"}"`;

exports[`Generics Tests GenericsTypeAlias matches snapshot 1`] = `"{"mapperType":{"en":"test string data","fr":"test string data","it":"test string data","es":"test string data"},"keyOfMapperType":{"name":"test string data","ver":10},"innserGenericInitializer":{"name":"test string data","innerGeneric":{"name":"test string data","ver":10},"innerGenericLiteral":"inner generic string"},"butterflyWithGenerics":{"en":"test string data","fr":"test string data","it":"test string data","es":"test string data"},"nonNullable":"test string data","nestedPartial":{"childPartial":{"name":"test string data","ver":10}},"partial":{"name":"test string data","ver":10},"required":{"name":"test string data","ver":10},"readonly":{"name":"test string data","ver":10},"extract":"D","extractRefUnion":"en","exclude":"B","onDirectRefUnionType":"fr"}"`;
