// Jest Snapshot v1, https://goo.gl/fbAQLP

exports[`Literal Type Tests TsTypeLiteralInterface matches snapshot 1`] = `"{"literalString":"test string data","literalLiteralString":"string","literalStringUnion":"A","literalNumber":10,"literalLiteralNumber":42,"literalNumberUnion":1,"literalBoolean":false,"literalLiteralBoolean":true,"literalBooleanUnion":false,"literalNull":null,"literalUndefined":"undefined","literalArray":[],"literalLiteralArray":[1,2,3],"literalArrayUnion":[],"literalObject":{},"literalLiteralObject":{"name":"test string data","age":10},"literalObjectUnion":{"type":"A"},"literalFunction":"() => { }","literalLiteralFunction":"() => { }","literalFunctionUnion":"(x) => {\\n            return 10;\\n        }","literalBigInt":"9007199254740991n","literalLiteralBigInt":"123n","literalBigIntUnion":"1n","literalSymbol":"Symbol()"}"`;
