// Jest Snapshot v1, https://goo.gl/fbAQLP

exports[`Call Signature Tests CallSignature matches snapshot 1`] = `"(name, age) => { }"`;

exports[`Call Signature Tests CallSignatureInterface matches snapshot 1`] = `"{}"`;

exports[`Call Signature Tests MathOperations matches snapshot 1`] = `"{}"`;

exports[`Call Signature Tests SingleCallSignature matches snapshot 1`] = `
"(name, age) => {
        return null;
    }"
`;
