// Jest Snapshot v1, https://goo.gl/fbAQLP

exports[`LiteralTypeClass matches snapshot 1`] = `"{"stringLiteral":"test string data","numberLiteral":10,"bigintLiteral":9007199254740991,"booleanLiteral":true,"nullLiteral":null,"anyLiteral":"any","neverLiteral":null,"objectLiteral":{},"voidLiteral":null,"arrayLiteral":[],"referenceLiteral":{"name":"test string data","ver":10},"unionType":"test string data","tsLiteralString":"string","tsLiteralNumber":20,"tsBigInt":"10000000000000","tsLiteralBoolean":true,"tsNullLiteral":null,"tsObject":{},"tsArray":[],"tsTuple":["test string data",10,"any",{"name":"test string data","ver":10},{"name":"test string data","ver":10},"test string data"],"tsNamedTuple":["test string data",10,{"name":"test string data","ver":10},{"name":"test string data","ver":10},10],"intersectionType":{"name":"test string data","ver":10,"age":10},"conditionalType":false,"keyof":"name","indexAccessor":"test string data"}"`;

exports[`Standard Tests LiteralTypeAlias matches snapshot 1`] = `"{"stringLiteral":"test string data","numberLiteral":10,"bigintLiteral":9007199254740991,"booleanLiteral":true,"nullLiteral":null,"anyLiteral":"any","neverLiteral":null,"objectLiteral":{},"voidLiteral":null,"arrayLiteral":[],"referenceLiteral":{"name":"test string data","ver":10},"unionType":"test string data","conditionalType":true,"tsLiteralString":"string","tsLiteralNumber":20,"tsBigInt":"10000000000000","tsLiteralBoolean":true,"tsNullLiteral":null,"tsObject":{},"tsArray":[],"tsTuple":["test string data",10,"any",{"name":"test string data","ver":10},{"name":"test string data","ver":10}],"tsNamedTuple":["test string data",10,{"name":"test string data","ver":10},{"name":"test string data","ver":10}],"intersectionType":{"name":"test string data","ver":10,"age":10},"keyof":"name","indexAccessor":"test string data"}"`;

exports[`Standard Tests LiteralTypeInterface matches snapshot 1`] = `"{"stringLiteral":"test string data","numberLiteral":10,"bigintLiteral":9007199254740991,"booleanLiteral":true,"nullLiteral":null,"anyLiteral":"any","neverLiteral":null,"objectLiteral":{},"voidLiteral":null,"arrayLiteral":[],"referenceLiteral":{"name":"test string data","ver":10},"unionType":"test string data","conditionalType":true,"tsLiteralString":"string","tsLiteralNumber":20,"tsBigInt":"10000000000000","tsLiteralBoolean":true,"tsNullLiteral":null,"tsObject":{},"tsArray":[],"tsTuple":["test string data",10,"any",{"name":"test string data","ver":10},{"name":"test string data","ver":10}],"tsNamedTuple":["test string data",10,{"name":"test string data","ver":10},{"name":"test string data","ver":10}],"intersectionType":{"name":"test string data","ver":10,"age":10},"keyof":"name","indexAccessor":"test string data"}"`;
