// Jest Snapshot v1, https://goo.gl/fbAQLP

exports[`Union Tests TSAliasMixUnionObjType matches snapshot 1`] = `"{"ref_type":"A","type":"A"}"`;

exports[`Union Tests TSAliasMixUnionType matches snapshot 1`] = `"50000"`;

exports[`Union Tests TSAliasStringUnionType matches snapshot 1`] = `""A""`;

exports[`Union Tests TSInterfaceMixUnionType matches snapshot 1`] = `"{"type":"A"}"`;

exports[`Union Tests TSInterfaceStringUnionType matches snapshot 1`] = `"{"type":"A"}"`;
