// Jest Snapshot v1, https://goo.gl/fbAQLP

exports[`Nested Type Tests NestedInterface matches snapshot 1`] = `"{"a":10,"b":"test string data","c":{"d":false,"e":{"f":10,"g":"test string data","h":{"i":10,"j":{"k":false,"l":[]}}},"m":{"n":[],"o":"test string data"}},"p":{"q":{"r":10},"s":{"t":false,"u":{"v":10,"w":"test string data"}}},"x":[],"literalType":"option1","mixedType":{"a":10,"b":"test string data"},"conditionalType":"active","extended":{"id":10,"info":{"description":"test string data","tags":[],"settings":{"mode":"auto","level":1,"extras":{"feature":false,"nestedRef":{"name":"NestedRefType","deep":{"name":"deeptype"}}}}}}}"`;

exports[`Nested Type Tests NestedPropClass matches snapshot 1`] = `"{"a":10,"b":"test string data","k":false}"`;

exports[`Nested Type Tests NestedType matches snapshot 1`] = `"{"a":10,"b":"test string data","c":{"d":false,"e":{"f":10,"g":"test string data","h":{"i":10,"j":{"k":false,"l":[]}}},"m":{"n":[],"o":"test string data"}},"p":{"q":{"r":10},"s":{"t":false,"u":{"v":10,"w":"test string data"}}},"x":[],"literalType":"option1","mixedType":{"a":10,"b":"test string data"},"conditionalType":"active","extended":{"id":10,"info":{"description":"test string data","tags":[],"settings":{"mode":"auto","level":1,"extras":{"feature":false,"nestedRef":{"name":"NestedRefType","deep":{"name":"deeptype"}}}}}}}"`;
